=== do 18 jun 2026 08:16:02 UTC TRAIN MM c15 (7ch, +lightning) ===
2026-06-18 10:17:13,010 INFO pluvio.seamless_dataset indexed 371047 samples | leads 0..14400 | 7 channels
2026-06-18 10:17:13,444 INFO pluvio.seamless_dataset indexed 92872 samples | leads 0..14400 | 7 channels
2026-06-18 10:17:13,444 INFO pluvio.train_seamless train=371047 val=92872 | 7 channels | device=cuda
2026-06-18 10:17:13,659 INFO pluvio.train_seamless SeamlessNet params: 665,475
2026-06-18 10:17:14,657 INFO pluvio.train_seamless optim=AdamW wd=0.0001 augment=True patience=4 cosine=True
/home/jeroentrappers/pluvio/model/train_seamless.py:185: FutureWarning: `torch.cuda.amp.GradScaler(args...)` is deprecated. Please use `torch.amp.GradScaler('cuda', args...)` instead.
  scaler = torch.cuda.amp.GradScaler() if device.type == "cuda" else None
2026-06-18 11:37:28,892 INFO pluvio.train_seamless epoch 0: train=0.0204 val=0.0267 lr=2.99e-04
2026-06-18 12:57:50,347 INFO pluvio.train_seamless epoch 1: train=0.0186 val=0.0253 lr=2.95e-04
2026-06-18 14:18:10,926 INFO pluvio.train_seamless epoch 2: train=0.0181 val=0.0243 lr=2.89e-04
2026-06-18 15:37:59,932 INFO pluvio.train_seamless epoch 3: train=0.0179 val=0.0244 lr=2.81e-04
2026-06-18 16:58:23,676 INFO pluvio.train_seamless epoch 4: train=0.0177 val=0.0246 lr=2.71e-04
2026-06-18 18:18:40,735 INFO pluvio.train_seamless epoch 5: train=0.0176 val=0.0367 lr=2.59e-04
2026-06-18 19:38:58,200 INFO pluvio.train_seamless epoch 6: train=0.0174 val=0.0259 lr=2.46e-04
2026-06-18 19:38:58,200 INFO pluvio.train_seamless early stop: no val improvement in 4 epochs (best=0.0243)
2026-06-18 19:38:58,201 INFO pluvio.train_seamless done. best val=0.0243 → checkpoints/nowcast_mm_c15.pt
=== do 18 jun 2026 17:38:59 UTC TRAIN RO c15 (6ch, radar-only) ===
2026-06-18 19:40:12,083 INFO pluvio.seamless_dataset indexed 371047 samples | leads 0..14400 | 6 channels
2026-06-18 19:40:12,547 INFO pluvio.seamless_dataset indexed 92872 samples | leads 0..14400 | 6 channels
2026-06-18 19:40:12,547 INFO pluvio.train_seamless train=371047 val=92872 | 6 channels | device=cuda
2026-06-18 19:40:12,723 INFO pluvio.train_seamless SeamlessNet params: 665,187
2026-06-18 19:40:13,517 INFO pluvio.train_seamless optim=AdamW wd=0.0001 augment=True patience=4 cosine=True
/home/jeroentrappers/pluvio/model/train_seamless.py:185: FutureWarning: `torch.cuda.amp.GradScaler(args...)` is deprecated. Please use `torch.amp.GradScaler('cuda', args...)` instead.
  scaler = torch.cuda.amp.GradScaler() if device.type == "cuda" else None
2026-06-18 21:51:39,485 INFO pluvio.train_seamless epoch 0: train=0.0206 val=0.0264 lr=2.99e-04
2026-06-18 23:10:30,474 INFO pluvio.train_seamless epoch 1: train=0.0187 val=0.0250 lr=2.95e-04
2026-06-19 00:29:23,643 INFO pluvio.train_seamless epoch 2: train=0.0182 val=0.0245 lr=2.89e-04
2026-06-19 01:48:14,790 INFO pluvio.train_seamless epoch 3: train=0.0180 val=0.0246 lr=2.81e-04
2026-06-19 03:07:06,630 INFO pluvio.train_seamless epoch 4: train=0.0178 val=0.0245 lr=2.71e-04
2026-06-19 04:25:56,927 INFO pluvio.train_seamless epoch 5: train=0.0176 val=0.0246 lr=2.59e-04
2026-06-19 05:44:47,854 INFO pluvio.train_seamless epoch 6: train=0.0175 val=0.0246 lr=2.46e-04
2026-06-19 05:44:47,854 INFO pluvio.train_seamless early stop: no val improvement in 4 epochs (best=0.0245)
2026-06-19 05:44:47,854 INFO pluvio.train_seamless done. best val=0.0245 → checkpoints/nowcast_ro_c15.pt
=== vr 19 jun 2026 03:44:48 UTC EVAL MM ===
=== vr 19 jun 2026 04:00:16 UTC EVAL RO ===
=== vr 19 jun 2026 04:15:11 UTC ALL DONE ===
