=== wo 17 jun 2026 21:11:16 UTC MM DONE ===
2026-06-17 23:11:11,099 INFO pluvio.train_seamless done. best val=0.0253 → checkpoints/nowcast_mm_v2.pt
=== wo 17 jun 2026 21:11:16 UTC TRAIN RO (6ch, radar-only) ===
2026-06-17 23:11:33,976 INFO pluvio.seamless_dataset indexed 71374 samples | leads 0..14400 | 6 channels
2026-06-17 23:11:34,142 INFO pluvio.seamless_dataset indexed 17858 samples | leads 0..14400 | 6 channels
2026-06-17 23:11:34,142 INFO pluvio.train_seamless train=71374 val=17858 | 6 channels | device=cuda
2026-06-17 23:11:34,326 INFO pluvio.train_seamless SeamlessNet params: 665,187
2026-06-17 23:11:35,239 INFO pluvio.train_seamless optim=AdamW wd=0.0001 augment=True patience=4 cosine=True
/home/jeroentrappers/pluvio/model/train_seamless.py:185: FutureWarning: `torch.cuda.amp.GradScaler(args...)` is deprecated. Please use `torch.amp.GradScaler('cuda', args...)` instead.
  scaler = torch.cuda.amp.GradScaler() if device.type == "cuda" else None
2026-06-17 23:27:26,195 INFO pluvio.train_seamless epoch 0: train=0.0233 val=0.0278 lr=2.98e-04
2026-06-17 23:43:06,638 INFO pluvio.train_seamless epoch 1: train=0.0199 val=0.0266 lr=2.93e-04
2026-06-17 23:58:46,341 INFO pluvio.train_seamless epoch 2: train=0.0191 val=0.0257 lr=2.84e-04
2026-06-18 00:14:25,537 INFO pluvio.train_seamless epoch 3: train=0.0188 val=0.0264 lr=2.71e-04
2026-06-18 00:30:04,766 INFO pluvio.train_seamless epoch 4: train=0.0185 val=0.0259 lr=2.56e-04
2026-06-18 00:45:42,819 INFO pluvio.train_seamless epoch 5: train=0.0183 val=0.0257 lr=2.38e-04
2026-06-18 01:01:22,792 INFO pluvio.train_seamless epoch 6: train=0.0182 val=0.0254 lr=2.18e-04
2026-06-18 01:17:01,964 INFO pluvio.train_seamless epoch 7: train=0.0181 val=0.0248 lr=1.96e-04
2026-06-18 01:32:40,864 INFO pluvio.train_seamless epoch 8: train=0.0180 val=0.0282 lr=1.73e-04
2026-06-18 01:48:19,333 INFO pluvio.train_seamless epoch 9: train=0.0178 val=0.0255 lr=1.50e-04
2026-06-18 02:03:58,659 INFO pluvio.train_seamless epoch 10: train=0.0177 val=0.0295 lr=1.27e-04
2026-06-18 02:19:38,625 INFO pluvio.train_seamless epoch 11: train=0.0177 val=0.0246 lr=1.04e-04
2026-06-18 02:35:17,854 INFO pluvio.train_seamless epoch 12: train=0.0175 val=0.0246 lr=8.19e-05
2026-06-18 02:50:57,313 INFO pluvio.train_seamless epoch 13: train=0.0175 val=0.0251 lr=6.18e-05
2026-06-18 03:06:36,792 INFO pluvio.train_seamless epoch 14: train=0.0174 val=0.0244 lr=4.39e-05
2026-06-18 03:22:16,406 INFO pluvio.train_seamless epoch 15: train=0.0174 val=0.0248 lr=2.86e-05
2026-06-18 03:37:55,759 INFO pluvio.train_seamless epoch 16: train=0.0173 val=0.0249 lr=1.63e-05
2026-06-18 03:53:34,720 INFO pluvio.train_seamless epoch 17: train=0.0173 val=0.0245 lr=7.34e-06
2026-06-18 04:09:14,647 INFO pluvio.train_seamless epoch 18: train=0.0172 val=0.0257 lr=1.85e-06
2026-06-18 04:09:14,647 INFO pluvio.train_seamless early stop: no val improvement in 4 epochs (best=0.0244)
2026-06-18 04:09:14,647 INFO pluvio.train_seamless done. best val=0.0244 → checkpoints/nowcast_ro_v2.pt
=== do 18 jun 2026 02:09:15 UTC EVAL MM ===
=== do 18 jun 2026 02:23:21 UTC EVAL RO ===
=== do 18 jun 2026 02:37:11 UTC ALL DONE ===
