=== vr 24 jul 2026 12:18:56 UTC TRAIN MM c15_0724 (7ch, +lightning) ===
2026-07-24 14:20:11,717 INFO pluvio.seamless_dataset indexed 405573 samples | leads 0..14400 | 7 channels
2026-07-24 14:20:12,254 INFO pluvio.seamless_dataset indexed 98899 samples | leads 0..14400 | 7 channels
2026-07-24 14:20:12,254 INFO pluvio.train_seamless train=405573 val=98899 | 7 channels | device=cuda
2026-07-24 14:20:12,464 INFO pluvio.train_seamless SeamlessNet params: 665,475
2026-07-24 14:20:13,353 INFO pluvio.train_seamless optim=AdamW wd=0.0001 augment=True patience=4 cosine=True
/home/jeroentrappers/pluvio/model/train_seamless.py:185: FutureWarning: `torch.cuda.amp.GradScaler(args...)` is deprecated. Please use `torch.amp.GradScaler('cuda', args...)` instead.
  scaler = torch.cuda.amp.GradScaler() if device.type == "cuda" else None
2026-07-24 15:47:22,454 INFO pluvio.train_seamless epoch 0: train=0.0196 val=0.0243 lr=2.99e-04
2026-07-24 17:14:31,269 INFO pluvio.train_seamless epoch 1: train=0.0178 val=0.0240 lr=2.95e-04
2026-07-24 18:41:46,989 INFO pluvio.train_seamless epoch 2: train=0.0174 val=0.0242 lr=2.89e-04
2026-07-24 20:08:58,848 INFO pluvio.train_seamless epoch 3: train=0.0171 val=0.0243 lr=2.81e-04
2026-07-24 21:35:50,782 INFO pluvio.train_seamless epoch 4: train=0.0170 val=0.0230 lr=2.71e-04
2026-07-24 23:03:08,279 INFO pluvio.train_seamless epoch 5: train=0.0168 val=0.0250 lr=2.59e-04
2026-07-25 00:30:27,447 INFO pluvio.train_seamless epoch 6: train=0.0167 val=0.0236 lr=2.46e-04
2026-07-25 01:57:44,018 INFO pluvio.train_seamless epoch 7: train=0.0166 val=0.0229 lr=2.30e-04
2026-07-25 03:25:02,007 INFO pluvio.train_seamless epoch 8: train=0.0165 val=0.0227 lr=2.14e-04
2026-07-25 04:52:22,341 INFO pluvio.train_seamless epoch 9: train=0.0165 val=0.0236 lr=1.96e-04
2026-07-25 06:19:43,386 INFO pluvio.train_seamless epoch 10: train=0.0164 val=0.0233 lr=1.78e-04
2026-07-25 07:46:44,367 INFO pluvio.train_seamless epoch 11: train=0.0163 val=0.0229 lr=1.59e-04
2026-07-25 09:15:38,559 INFO pluvio.train_seamless epoch 12: train=0.0163 val=0.0231 lr=1.41e-04
2026-07-25 09:15:38,559 INFO pluvio.train_seamless early stop: no val improvement in 4 epochs (best=0.0227)
2026-07-25 09:15:38,560 INFO pluvio.train_seamless done. best val=0.0227 → checkpoints/nowcast_mm_c15_0724.pt
=== za 25 jul 2026 07:15:39 UTC TRAIN RO c15_0724 (6ch, radar-only) ===
2026-07-25 09:17:31,163 INFO pluvio.seamless_dataset indexed 405573 samples | leads 0..14400 | 6 channels
2026-07-25 09:17:31,951 INFO pluvio.seamless_dataset indexed 98899 samples | leads 0..14400 | 6 channels
2026-07-25 09:17:31,951 INFO pluvio.train_seamless train=405573 val=98899 | 6 channels | device=cuda
2026-07-25 09:17:32,165 INFO pluvio.train_seamless SeamlessNet params: 665,187
2026-07-25 09:17:33,178 INFO pluvio.train_seamless optim=AdamW wd=0.0001 augment=True patience=4 cosine=True
/home/jeroentrappers/pluvio/model/train_seamless.py:185: FutureWarning: `torch.cuda.amp.GradScaler(args...)` is deprecated. Please use `torch.amp.GradScaler('cuda', args...)` instead.
  scaler = torch.cuda.amp.GradScaler() if device.type == "cuda" else None
2026-07-25 10:44:26,391 INFO pluvio.train_seamless epoch 0: train=0.0197 val=0.0259 lr=2.99e-04
2026-07-25 12:10:33,086 INFO pluvio.train_seamless epoch 1: train=0.0179 val=0.0243 lr=2.95e-04
2026-07-25 13:36:40,996 INFO pluvio.train_seamless epoch 2: train=0.0174 val=0.0234 lr=2.89e-04
2026-07-25 15:02:45,755 INFO pluvio.train_seamless epoch 3: train=0.0172 val=0.0234 lr=2.81e-04
2026-07-25 16:28:53,131 INFO pluvio.train_seamless epoch 4: train=0.0170 val=0.0229 lr=2.71e-04
2026-07-25 17:54:57,651 INFO pluvio.train_seamless epoch 5: train=0.0169 val=0.0229 lr=2.59e-04
2026-07-25 19:21:05,565 INFO pluvio.train_seamless epoch 6: train=0.0168 val=0.0230 lr=2.46e-04
2026-07-25 20:47:11,997 INFO pluvio.train_seamless epoch 7: train=0.0167 val=0.0229 lr=2.30e-04
2026-07-25 22:13:20,051 INFO pluvio.train_seamless epoch 8: train=0.0166 val=0.0261 lr=2.14e-04
2026-07-25 23:39:26,580 INFO pluvio.train_seamless epoch 9: train=0.0165 val=0.0272 lr=1.96e-04
2026-07-25 23:39:26,580 INFO pluvio.train_seamless early stop: no val improvement in 4 epochs (best=0.0229)
2026-07-25 23:39:26,580 INFO pluvio.train_seamless done. best val=0.0229 → checkpoints/nowcast_ro_c15_0724.pt
=== za 25 jul 2026 21:39:27 UTC EVAL MM ===
=== za 25 jul 2026 21:52:42 UTC EVAL RO ===
=== za 25 jul 2026 22:05:56 UTC ALL DONE ===
